// Jest Snapshot v1, https://goo.gl/fbAQLP

exports[`<Nav /> render a minimal nav when sign out 1`] = `
<NavStyles>
  <ul
    className="NavStyles-sc-11c0d2g-0 caHxBV"
  >
    <Link
      href="/items"
    >
      <a
        href="/items"
        onClick={[Function]}
      >
        Shop
      </a>
    </Link>
    <Link
      href="/signup"
    >
      <a
        href="/signup"
        onClick={[Function]}
      >
        Sign In
      </a>
    </Link>
  </ul>
</NavStyles>
`;

exports[`<Nav /> render the amount of items in the cart 1`] = `
<div
  className="count CartCount__Dot-xxvp4g-1 fJsVOg"
>
  9
</div>
`;
